[2026-08-14T04:33:31.794Z] [ConsoleAdapter] ERROR: Error: Opción no válida: Invalid answer for node 'MSG_INICIAL'
    at /home/lucas/Proyectos/Prueba Whatsapp/src/infrastructure/adapters/ConsoleAdapter.ts:69:47
    at Object.<anonymous> (/home/lucas/Proyectos/Prueba Whatsapp/src/tests/infrastructure/ConsoleAdapter.test.ts:83:27)
    at Promise.finally.completed (/home/lucas/Proyectos/Prueba Whatsapp/node_modules/jest-circus/build/jestAdapterInit.js:1561:28)
    at new Promise (<anonymous>)
    at callAsyncCircusFn (/home/lucas/Proyectos/Prueba Whatsapp/node_modules/jest-circus/build/jestAdapterInit.js:1501:10)
    at _callCircusTest (/home/lucas/Proyectos/Prueba Whatsapp/node_modules/jest-circus/build/jestAdapterInit.js:1011:40)
    at processTicksAndRejections (node:internal/process/task_queues:103:5)
    at _runTest (/home/lucas/Proyectos/Prueba Whatsapp/node_modules/jest-circus/build/jestAdapterInit.js:951:3)
    at /home/lucas/Proyectos/Prueba Whatsapp/node_modules/jest-circus/build/jestAdapterInit.js:853:7
    at _runTestsForDescribeBlock (/home/lucas/Proyectos/Prueba Whatsapp/node_modules/jest-circus/build/jestAdapterInit.js:866:11)
    at _runTestsForDescribeBlock (/home/lucas/Proyectos/Prueba Whatsapp/node_modules/jest-circus/build/jestAdapterInit.js:861:11)
    at run (/home/lucas/Proyectos/Prueba Whatsapp/node_modules/jest-circus/build/jestAdapterInit.js:765:3)
    at runAndTransformResultsToJestFormat (/home/lucas/Proyectos/Prueba Whatsapp/node_modules/jest-circus/build/jestAdapterInit.js:1993:21)
    at jestAdapter (/home/lucas/Proyectos/Prueba Whatsapp/node_modules/jest-circus/build/runner.js:111:19)
    at runTestInternal (/home/lucas/Proyectos/Prueba Whatsapp/node_modules/jest-runner/build/testWorker.js:276:16)
    at runTest (/home/lucas/Proyectos/Prueba Whatsapp/node_modules/jest-runner/build/testWorker.js:344:7)
    at Object.worker (/home/lucas/Proyectos/Prueba Whatsapp/node_modules/jest-runner/build/testWorker.js:498:12)
[2026-08-14T04:33:32.216Z] [CompositeLeadRepository] ERROR: Error: Error repo 2
    at Object.<anonymous> (/home/lucas/Proyectos/Prueba Whatsapp/src/tests/infrastructure/Repositories.test.ts:94:51)
    at Promise.finally.completed (/home/lucas/Proyectos/Prueba Whatsapp/node_modules/jest-circus/build/jestAdapterInit.js:1561:28)
    at new Promise (<anonymous>)
    at callAsyncCircusFn (/home/lucas/Proyectos/Prueba Whatsapp/node_modules/jest-circus/build/jestAdapterInit.js:1501:10)
    at _callCircusTest (/home/lucas/Proyectos/Prueba Whatsapp/node_modules/jest-circus/build/jestAdapterInit.js:1011:40)
    at _runTest (/home/lucas/Proyectos/Prueba Whatsapp/node_modules/jest-circus/build/jestAdapterInit.js:951:3)
    at /home/lucas/Proyectos/Prueba Whatsapp/node_modules/jest-circus/build/jestAdapterInit.js:853:7
    at _runTestsForDescribeBlock (/home/lucas/Proyectos/Prueba Whatsapp/node_modules/jest-circus/build/jestAdapterInit.js:866:11)
    at _runTestsForDescribeBlock (/home/lucas/Proyectos/Prueba Whatsapp/node_modules/jest-circus/build/jestAdapterInit.js:861:11)
    at _runTestsForDescribeBlock (/home/lucas/Proyectos/Prueba Whatsapp/node_modules/jest-circus/build/jestAdapterInit.js:861:11)
    at run (/home/lucas/Proyectos/Prueba Whatsapp/node_modules/jest-circus/build/jestAdapterInit.js:765:3)
    at runAndTransformResultsToJestFormat (/home/lucas/Proyectos/Prueba Whatsapp/node_modules/jest-circus/build/jestAdapterInit.js:1993:21)
    at jestAdapter (/home/lucas/Proyectos/Prueba Whatsapp/node_modules/jest-circus/build/runner.js:111:19)
    at runTestInternal (/home/lucas/Proyectos/Prueba Whatsapp/node_modules/jest-runner/build/testWorker.js:276:16)
    at runTest (/home/lucas/Proyectos/Prueba Whatsapp/node_modules/jest-runner/build/testWorker.js:344:7)
    at Object.worker (/home/lucas/Proyectos/Prueba Whatsapp/node_modules/jest-runner/build/testWorker.js:498:12) | Details: {"repository":"Object","sessionId":"s1"}
[2026-08-14T04:33:32.192Z] [GoogleSheetsAdapter] ERROR: Error: Error Webhook (500): Webhook error
    at /home/lucas/Proyectos/Prueba Whatsapp/src/infrastructure/adapters/GoogleSheetsAdapter.ts:124:20
    at Object.on (/home/lucas/Proyectos/Prueba Whatsapp/src/tests/infrastructure/GoogleSheetsAdapter.test.ts:14:30)
    at on (/home/lucas/Proyectos/Prueba Whatsapp/src/infrastructure/adapters/GoogleSheetsAdapter.ts:119:13)
    at Object.request (/home/lucas/Proyectos/Prueba Whatsapp/src/tests/infrastructure/GoogleSheetsAdapter.test.ts:17:19)
    at request (/home/lucas/Proyectos/Prueba Whatsapp/src/infrastructure/adapters/GoogleSheetsAdapter.ts:110:25)
    at new Promise (<anonymous>)
    at GoogleSheetsAdapter.appendViaWebhook (/home/lucas/Proyectos/Prueba Whatsapp/src/infrastructure/adapters/GoogleSheetsAdapter.ts:109:12)
    at GoogleSheetsAdapter.appendViaWebhook [as appendRow] (/home/lucas/Proyectos/Prueba Whatsapp/src/infrastructure/adapters/GoogleSheetsAdapter.ts:141:27)
    at Object.<anonymous> (/home/lucas/Proyectos/Prueba Whatsapp/src/tests/infrastructure/GoogleSheetsAdapter.test.ts:57:26)
    at Promise.finally.completed (/home/lucas/Proyectos/Prueba Whatsapp/node_modules/jest-circus/build/jestAdapterInit.js:1561:28)
    at new Promise (<anonymous>)
    at callAsyncCircusFn (/home/lucas/Proyectos/Prueba Whatsapp/node_modules/jest-circus/build/jestAdapterInit.js:1501:10)
    at _callCircusTest (/home/lucas/Proyectos/Prueba Whatsapp/node_modules/jest-circus/build/jestAdapterInit.js:1011:40)
    at processTicksAndRejections (node:internal/process/task_queues:103:5)
    at _runTest (/home/lucas/Proyectos/Prueba Whatsapp/node_modules/jest-circus/build/jestAdapterInit.js:951:3)
    at /home/lucas/Proyectos/Prueba Whatsapp/node_modules/jest-circus/build/jestAdapterInit.js:853:7
    at _runTestsForDescribeBlock (/home/lucas/Proyectos/Prueba Whatsapp/node_modules/jest-circus/build/jestAdapterInit.js:866:11)
    at _runTestsForDescribeBlock (/home/lucas/Proyectos/Prueba Whatsapp/node_modules/jest-circus/build/jestAdapterInit.js:861:11)
    at run (/home/lucas/Proyectos/Prueba Whatsapp/node_modules/jest-circus/build/jestAdapterInit.js:765:3)
    at runAndTransformResultsToJestFormat (/home/lucas/Proyectos/Prueba Whatsapp/node_modules/jest-circus/build/jestAdapterInit.js:1993:21)
    at jestAdapter (/home/lucas/Proyectos/Prueba Whatsapp/node_modules/jest-circus/build/runner.js:111:19)
    at runTestInternal (/home/lucas/Proyectos/Prueba Whatsapp/node_modules/jest-runner/build/testWorker.js:276:16)
    at runTest (/home/lucas/Proyectos/Prueba Whatsapp/node_modules/jest-runner/build/testWorker.js:344:7)
    at Object.worker (/home/lucas/Proyectos/Prueba Whatsapp/node_modules/jest-runner/build/testWorker.js:498:12) | Details: {"sheetName":"Sheet1","action":"appendViaWebhook"}
[2026-08-14T04:33:32.217Z] [CompositeLeadRepository] ERROR: Error: Error repo 2
    at Object.<anonymous> (/home/lucas/Proyectos/Prueba Whatsapp/src/tests/infrastructure/Repositories.test.ts:95:54)
    at Promise.finally.completed (/home/lucas/Proyectos/Prueba Whatsapp/node_modules/jest-circus/build/jestAdapterInit.js:1561:28)
    at new Promise (<anonymous>)
    at callAsyncCircusFn (/home/lucas/Proyectos/Prueba Whatsapp/node_modules/jest-circus/build/jestAdapterInit.js:1501:10)
    at _callCircusTest (/home/lucas/Proyectos/Prueba Whatsapp/node_modules/jest-circus/build/jestAdapterInit.js:1011:40)
    at _runTest (/home/lucas/Proyectos/Prueba Whatsapp/node_modules/jest-circus/build/jestAdapterInit.js:951:3)
    at /home/lucas/Proyectos/Prueba Whatsapp/node_modules/jest-circus/build/jestAdapterInit.js:853:7
    at _runTestsForDescribeBlock (/home/lucas/Proyectos/Prueba Whatsapp/node_modules/jest-circus/build/jestAdapterInit.js:866:11)
    at _runTestsForDescribeBlock (/home/lucas/Proyectos/Prueba Whatsapp/node_modules/jest-circus/build/jestAdapterInit.js:861:11)
    at _runTestsForDescribeBlock (/home/lucas/Proyectos/Prueba Whatsapp/node_modules/jest-circus/build/jestAdapterInit.js:861:11)
    at run (/home/lucas/Proyectos/Prueba Whatsapp/node_modules/jest-circus/build/jestAdapterInit.js:765:3)
    at runAndTransformResultsToJestFormat (/home/lucas/Proyectos/Prueba Whatsapp/node_modules/jest-circus/build/jestAdapterInit.js:1993:21)
    at jestAdapter (/home/lucas/Proyectos/Prueba Whatsapp/node_modules/jest-circus/build/runner.js:111:19)
    at runTestInternal (/home/lucas/Proyectos/Prueba Whatsapp/node_modules/jest-runner/build/testWorker.js:276:16)
    at runTest (/home/lucas/Proyectos/Prueba Whatsapp/node_modules/jest-runner/build/testWorker.js:344:7)
    at Object.worker (/home/lucas/Proyectos/Prueba Whatsapp/node_modules/jest-runner/build/testWorker.js:498:12) | Details: {"repository":"Object","sessionId":"s2"}
[2026-08-14T04:33:32.231Z] [GoogleSheetsAdapter] ERROR: Error: Error OAuth (401): Invalid Credentials
    at /home/lucas/Proyectos/Prueba Whatsapp/src/infrastructure/adapters/GoogleSheetsAdapter.ts:91:20
    at Object.on (/home/lucas/Proyectos/Prueba Whatsapp/src/tests/infrastructure/GoogleSheetsAdapter.test.ts:14:30)
    at on (/home/lucas/Proyectos/Prueba Whatsapp/src/infrastructure/adapters/GoogleSheetsAdapter.ts:82:13)
    at Object.request (/home/lucas/Proyectos/Prueba Whatsapp/src/tests/infrastructure/GoogleSheetsAdapter.test.ts:17:19)
    at request (/home/lucas/Proyectos/Prueba Whatsapp/src/infrastructure/adapters/GoogleSheetsAdapter.ts:73:25)
    at new Promise (<anonymous>)
    at GoogleSheetsAdapter.getAccessToken (/home/lucas/Proyectos/Prueba Whatsapp/src/infrastructure/adapters/GoogleSheetsAdapter.ts:72:12)
    at GoogleSheetsAdapter.getAccessToken [as appendRow] (/home/lucas/Proyectos/Prueba Whatsapp/src/infrastructure/adapters/GoogleSheetsAdapter.ts:150:40)
    at Object.<anonymous> (/home/lucas/Proyectos/Prueba Whatsapp/src/tests/infrastructure/GoogleSheetsAdapter.test.ts:95:26)
    at Promise.finally.completed (/home/lucas/Proyectos/Prueba Whatsapp/node_modules/jest-circus/build/jestAdapterInit.js:1561:28)
    at new Promise (<anonymous>)
    at callAsyncCircusFn (/home/lucas/Proyectos/Prueba Whatsapp/node_modules/jest-circus/build/jestAdapterInit.js:1501:10)
    at _callCircusTest (/home/lucas/Proyectos/Prueba Whatsapp/node_modules/jest-circus/build/jestAdapterInit.js:1011:40)
    at processTicksAndRejections (node:internal/process/task_queues:103:5)
    at _runTest (/home/lucas/Proyectos/Prueba Whatsapp/node_modules/jest-circus/build/jestAdapterInit.js:951:3)
    at /home/lucas/Proyectos/Prueba Whatsapp/node_modules/jest-circus/build/jestAdapterInit.js:853:7
    at _runTestsForDescribeBlock (/home/lucas/Proyectos/Prueba Whatsapp/node_modules/jest-circus/build/jestAdapterInit.js:866:11)
    at _runTestsForDescribeBlock (/home/lucas/Proyectos/Prueba Whatsapp/node_modules/jest-circus/build/jestAdapterInit.js:861:11)
    at run (/home/lucas/Proyectos/Prueba Whatsapp/node_modules/jest-circus/build/jestAdapterInit.js:765:3)
    at runAndTransformResultsToJestFormat (/home/lucas/Proyectos/Prueba Whatsapp/node_modules/jest-circus/build/jestAdapterInit.js:1993:21)
    at jestAdapter (/home/lucas/Proyectos/Prueba Whatsapp/node_modules/jest-circus/build/runner.js:111:19)
    at runTestInternal (/home/lucas/Proyectos/Prueba Whatsapp/node_modules/jest-runner/build/testWorker.js:276:16)
    at runTest (/home/lucas/Proyectos/Prueba Whatsapp/node_modules/jest-runner/build/testWorker.js:344:7)
    at Object.worker (/home/lucas/Proyectos/Prueba Whatsapp/node_modules/jest-runner/build/testWorker.js:498:12) | Details: {"sheetName":"Contactos","action":"appendRow"}
[2026-08-14T15:50:03.436Z] [ConsoleAdapter] ERROR: Error: Opción no válida: Invalid answer for node 'MSG_INICIAL'
    at /app/src/infrastructure/adapters/ConsoleAdapter.ts:69:47
    at Object.<anonymous> (/app/src/tests/infrastructure/ConsoleAdapter.test.ts:83:27)
    at Promise.finally.completed (/app/node_modules/jest-circus/build/jestAdapterInit.js:1561:28)
    at new Promise (<anonymous>)
    at callAsyncCircusFn (/app/node_modules/jest-circus/build/jestAdapterInit.js:1501:10)
    at _callCircusTest (/app/node_modules/jest-circus/build/jestAdapterInit.js:1011:40)
    at processTicksAndRejections (node:internal/process/task_queues:95:5)
    at _runTest (/app/node_modules/jest-circus/build/jestAdapterInit.js:951:3)
    at /app/node_modules/jest-circus/build/jestAdapterInit.js:853:7
    at _runTestsForDescribeBlock (/app/node_modules/jest-circus/build/jestAdapterInit.js:866:11)
    at _runTestsForDescribeBlock (/app/node_modules/jest-circus/build/jestAdapterInit.js:861:11)
    at run (/app/node_modules/jest-circus/build/jestAdapterInit.js:765:3)
    at runAndTransformResultsToJestFormat (/app/node_modules/jest-circus/build/jestAdapterInit.js:1993:21)
    at jestAdapter (/app/node_modules/jest-circus/build/runner.js:111:19)
    at runTestInternal (/app/node_modules/jest-runner/build/testWorker.js:276:16)
    at runTest (/app/node_modules/jest-runner/build/testWorker.js:344:7)
    at Object.worker (/app/node_modules/jest-runner/build/testWorker.js:498:12)
[2026-08-14T15:50:03.588Z] [CompositeLeadRepository] ERROR: Error: Error repo 2
    at Object.<anonymous> (/app/src/tests/infrastructure/Repositories.test.ts:94:51)
    at Promise.finally.completed (/app/node_modules/jest-circus/build/jestAdapterInit.js:1561:28)
    at new Promise (<anonymous>)
    at callAsyncCircusFn (/app/node_modules/jest-circus/build/jestAdapterInit.js:1501:10)
    at _callCircusTest (/app/node_modules/jest-circus/build/jestAdapterInit.js:1011:40)
    at _runTest (/app/node_modules/jest-circus/build/jestAdapterInit.js:951:3)
    at /app/node_modules/jest-circus/build/jestAdapterInit.js:853:7
    at _runTestsForDescribeBlock (/app/node_modules/jest-circus/build/jestAdapterInit.js:866:11)
    at _runTestsForDescribeBlock (/app/node_modules/jest-circus/build/jestAdapterInit.js:861:11)
    at _runTestsForDescribeBlock (/app/node_modules/jest-circus/build/jestAdapterInit.js:861:11)
    at run (/app/node_modules/jest-circus/build/jestAdapterInit.js:765:3)
    at runAndTransformResultsToJestFormat (/app/node_modules/jest-circus/build/jestAdapterInit.js:1993:21)
    at jestAdapter (/app/node_modules/jest-circus/build/runner.js:111:19)
    at runTestInternal (/app/node_modules/jest-runner/build/testWorker.js:276:16)
    at runTest (/app/node_modules/jest-runner/build/testWorker.js:344:7)
    at Object.worker (/app/node_modules/jest-runner/build/testWorker.js:498:12) | Details: {"repository":"Object","sessionId":"s1"}
[2026-08-14T15:50:03.590Z] [CompositeLeadRepository] ERROR: Error: Error repo 2
    at Object.<anonymous> (/app/src/tests/infrastructure/Repositories.test.ts:95:54)
    at Promise.finally.completed (/app/node_modules/jest-circus/build/jestAdapterInit.js:1561:28)
    at new Promise (<anonymous>)
    at callAsyncCircusFn (/app/node_modules/jest-circus/build/jestAdapterInit.js:1501:10)
    at _callCircusTest (/app/node_modules/jest-circus/build/jestAdapterInit.js:1011:40)
    at _runTest (/app/node_modules/jest-circus/build/jestAdapterInit.js:951:3)
    at /app/node_modules/jest-circus/build/jestAdapterInit.js:853:7
    at _runTestsForDescribeBlock (/app/node_modules/jest-circus/build/jestAdapterInit.js:866:11)
    at _runTestsForDescribeBlock (/app/node_modules/jest-circus/build/jestAdapterInit.js:861:11)
    at _runTestsForDescribeBlock (/app/node_modules/jest-circus/build/jestAdapterInit.js:861:11)
    at run (/app/node_modules/jest-circus/build/jestAdapterInit.js:765:3)
    at runAndTransformResultsToJestFormat (/app/node_modules/jest-circus/build/jestAdapterInit.js:1993:21)
    at jestAdapter (/app/node_modules/jest-circus/build/runner.js:111:19)
    at runTestInternal (/app/node_modules/jest-runner/build/testWorker.js:276:16)
    at runTest (/app/node_modules/jest-runner/build/testWorker.js:344:7)
    at Object.worker (/app/node_modules/jest-runner/build/testWorker.js:498:12) | Details: {"repository":"Object","sessionId":"s2"}
[2026-08-14T15:50:04.205Z] [GoogleSheetsAdapter] ERROR: Error: Error Webhook (500): Webhook error
    at /app/src/infrastructure/adapters/GoogleSheetsAdapter.ts:124:20
    at Object.on (/app/src/tests/infrastructure/GoogleSheetsAdapter.test.ts:14:30)
    at on (/app/src/infrastructure/adapters/GoogleSheetsAdapter.ts:119:13)
    at Object.request (/app/src/tests/infrastructure/GoogleSheetsAdapter.test.ts:17:19)
    at request (/app/src/infrastructure/adapters/GoogleSheetsAdapter.ts:110:25)
    at new Promise (<anonymous>)
    at GoogleSheetsAdapter.appendViaWebhook (/app/src/infrastructure/adapters/GoogleSheetsAdapter.ts:109:12)
    at GoogleSheetsAdapter.appendViaWebhook [as appendRow] (/app/src/infrastructure/adapters/GoogleSheetsAdapter.ts:141:27)
    at Object.<anonymous> (/app/src/tests/infrastructure/GoogleSheetsAdapter.test.ts:57:26)
    at Promise.finally.completed (/app/node_modules/jest-circus/build/jestAdapterInit.js:1561:28)
    at new Promise (<anonymous>)
    at callAsyncCircusFn (/app/node_modules/jest-circus/build/jestAdapterInit.js:1501:10)
    at _callCircusTest (/app/node_modules/jest-circus/build/jestAdapterInit.js:1011:40)
    at processTicksAndRejections (node:internal/process/task_queues:95:5)
    at _runTest (/app/node_modules/jest-circus/build/jestAdapterInit.js:951:3)
    at /app/node_modules/jest-circus/build/jestAdapterInit.js:853:7
    at _runTestsForDescribeBlock (/app/node_modules/jest-circus/build/jestAdapterInit.js:866:11)
    at _runTestsForDescribeBlock (/app/node_modules/jest-circus/build/jestAdapterInit.js:861:11)
    at run (/app/node_modules/jest-circus/build/jestAdapterInit.js:765:3)
    at runAndTransformResultsToJestFormat (/app/node_modules/jest-circus/build/jestAdapterInit.js:1993:21)
    at jestAdapter (/app/node_modules/jest-circus/build/runner.js:111:19)
    at runTestInternal (/app/node_modules/jest-runner/build/testWorker.js:276:16)
    at runTest (/app/node_modules/jest-runner/build/testWorker.js:344:7)
    at Object.worker (/app/node_modules/jest-runner/build/testWorker.js:498:12) | Details: {"sheetName":"Sheet1","action":"appendViaWebhook"}
[2026-08-14T15:50:04.274Z] [GoogleSheetsAdapter] ERROR: Error: Error OAuth (401): Invalid Credentials
    at /app/src/infrastructure/adapters/GoogleSheetsAdapter.ts:91:20
    at Object.on (/app/src/tests/infrastructure/GoogleSheetsAdapter.test.ts:14:30)
    at on (/app/src/infrastructure/adapters/GoogleSheetsAdapter.ts:82:13)
    at Object.request (/app/src/tests/infrastructure/GoogleSheetsAdapter.test.ts:17:19)
    at request (/app/src/infrastructure/adapters/GoogleSheetsAdapter.ts:73:25)
    at new Promise (<anonymous>)
    at GoogleSheetsAdapter.getAccessToken (/app/src/infrastructure/adapters/GoogleSheetsAdapter.ts:72:12)
    at GoogleSheetsAdapter.getAccessToken [as appendRow] (/app/src/infrastructure/adapters/GoogleSheetsAdapter.ts:150:40)
    at Object.<anonymous> (/app/src/tests/infrastructure/GoogleSheetsAdapter.test.ts:95:26)
    at Promise.finally.completed (/app/node_modules/jest-circus/build/jestAdapterInit.js:1561:28)
    at new Promise (<anonymous>)
    at callAsyncCircusFn (/app/node_modules/jest-circus/build/jestAdapterInit.js:1501:10)
    at _callCircusTest (/app/node_modules/jest-circus/build/jestAdapterInit.js:1011:40)
    at processTicksAndRejections (node:internal/process/task_queues:95:5)
    at _runTest (/app/node_modules/jest-circus/build/jestAdapterInit.js:951:3)
    at /app/node_modules/jest-circus/build/jestAdapterInit.js:853:7
    at _runTestsForDescribeBlock (/app/node_modules/jest-circus/build/jestAdapterInit.js:866:11)
    at _runTestsForDescribeBlock (/app/node_modules/jest-circus/build/jestAdapterInit.js:861:11)
    at run (/app/node_modules/jest-circus/build/jestAdapterInit.js:765:3)
    at runAndTransformResultsToJestFormat (/app/node_modules/jest-circus/build/jestAdapterInit.js:1993:21)
    at jestAdapter (/app/node_modules/jest-circus/build/runner.js:111:19)
    at runTestInternal (/app/node_modules/jest-runner/build/testWorker.js:276:16)
    at runTest (/app/node_modules/jest-runner/build/testWorker.js:344:7)
    at Object.worker (/app/node_modules/jest-runner/build/testWorker.js:498:12) | Details: {"sheetName":"Contactos","action":"appendRow"}
